python : C:\Users\admin\AppData\Roaming\Python\Python311\sit
e-packages\dash\dash.py:22: UserWarning: pkg_resources is 
deprecated as an API. See 
https://setuptools.pypa.io/en/latest/pkg_resources.html. 
The pkg_resources package is slated for removal as early as 
2025-11-30. Refrain from using this package or pin to 
Setuptools<81.
At line:1 char:32
+ ... ckend/src"; python -m pytest 
backend/tests/integration/test_face_cach ...
+                 
~~~~~~~~~~~~~~~~~~~~~~~~~~~~~~~~~~~~~~~~~~~~~~~~~~~~~~~~~
    + CategoryInfo          : NotSpecified: (C:\Users\admin 
   \... Setuptools<81.:String) [], RemoteException
    + FullyQualifiedErrorId : NativeCommandError
 
  from pkg_resources import get_distribution, parse_version
============================= test session starts =============================
platform win32 -- Python 3.11.9, pytest-8.3.4, pluggy-1.5.0 -- C:\Program Files\Python311\python.exe
cachedir: .pytest_cache
Fugue tests will be initialized with options:
rootdir: C:\Users\admin\Desktop\RawDrive2\backend
configfile: pyproject.toml
plugins: anyio-3.7.1, dash-2.9.3, fugue-0.9.1, langsmith-0.3.37, asyncio-0.25.2, base-url-2.1.0, cov-6.0.0, mock-3.15.0, playwright-0.7.2, timeout-2.4.0, xdist-3.8.0
asyncio: mode=Mode.AUTO, asyncio_default_fixture_loop_scope=function
timeout: 300.0s
timeout method: thread
timeout func_only: False
collecting ... collected 21 items

backend\tests\integration\test_face_cache_integration.py::TestFaceTaggingCacheManager::test_cache_miss_returns_not_found PASSED [  4%]
backend\tests\integration\test_face_cache_integration.py::TestFaceTaggingCacheManager::test_write_through_caching FAILED [  9%]
backend\tests\integration\test_face_cache_integration.py::TestFaceTaggingCacheManager::test_l1_cache_hit PASSED [ 14%]
backend\tests\integration\test_face_cache_integration.py::TestFaceTaggingCacheManager::test_l2_promotes_to_l1 PASSED [ 19%]
backend\tests\integration\test_face_cache_integration.py::TestFaceTaggingCacheManager::test_l3_promotes_to_l2_and_l1 FAILED [ 23%]
backend\tests\integration\test_face_cache_integration.py::TestFaceTaggingCacheManager::test_invalidate_asset PASSED [ 28%]
backend\tests\integration\test_face_cache_integration.py::TestFaceTaggingCacheManager::test_invalidate_workspace PASSED [ 33%]
backend\tests\integration\test_face_cache_integration.py::TestFaceTaggingCacheManager::test_get_cache_stats PASSED [ 38%]
backend\tests\integration\test_face_cache_integration.py::TestFaceCacheRepository::test_set_and_get_asset_cache FAILED [ 42%]
backend\tests\integration\test_face_cache_integration.py::TestFaceCacheRepository::test_delete_asset_cache FAILED [ 47%]
backend\tests\integration\test_face_cache_integration.py::TestFaceCacheRepository::test_cache_statistics FAILED [ 52%]
backend\tests\integration\test_face_cache_integration.py::TestFaceSimilarityCache::test_centroid_computation FAILED [ 57%]
backend\tests\integration\test_face_cache_integration.py::TestFaceSimilarityCache::test_similarity_computation PASSED [ 61%]
backend\tests\integration\test_face_cache_integration.py::TestFaceSimilarityCache::test_centroid_invalidation FAILED [ 66%]
backend\tests\integration\test_face_cache_integration.py::TestFaceSimilarityCache::test_find_similar_groups FAILED [ 71%]
backend\tests\integration\test_face_cache_integration.py::TestFaceCacheWarmer::test_warm_recent_uploads PASSED [ 76%]
backend\tests\integration\test_face_cache_integration.py::TestFaceCacheWarmer::test_warm_popular_galleries FAILED [ 80%]
backend\tests\integration\test_face_cache_integration.py::TestFaceCacheWarmer::test_queue_warming_task PASSED [ 85%]
backend\tests\integration\test_face_cache_integration.py::TestFaceCacheWarmer::test_process_warming_queue PASSED [ 90%]
backend\tests\integration\test_face_cache_integration.py::TestFaceCacheWarmer::test_get_warming_health PASSED [ 95%]
backend\tests\integration\test_face_cache_integration.py::TestCacheManagerSingleton::test_get_face_cache_manager PASSED [100%]

================================== FAILURES ===================================
___________ TestFaceTaggingCacheManager.test_write_through_caching ____________
backend\tests\integration\test_face_cache_integration.py:149: in test_write_through_caching
    assert db_entry is not None
E   assert None is not None
---------------------------- Captured stdout call -----------------------------
2026-02-08 17:47:28,803 - app.services.face_cache_manager - WARNING - Database cache set failed for asset a1b91b6f-c5e0-44f1-9197-9ec7cd879f62: password authentication failed for user "test"
2026-02-08 17:47:30,858 - app.services.face_cache_manager - WARNING - Database cache get failed for asset a1b91b6f-c5e0-44f1-9197-9ec7cd879f62: password authentication failed for user "test"
------------------------------ Captured log call ------------------------------
WARNING  app.services.face_cache_manager:face_cache_manager.py:641 Database cache set failed for asset a1b91b6f-c5e0-44f1-9197-9ec7cd879f62: password authentication failed for user "test"
WARNING  app.services.face_cache_manager:face_cache_manager.py:614 Database cache get failed for asset a1b91b6f-c5e0-44f1-9197-9ec7cd879f62: password authentication failed for user "test"
__________ TestFaceTaggingCacheManager.test_l3_promotes_to_l2_and_l1 __________
backend\tests\integration\test_face_cache_integration.py:250: in test_l3_promotes_to_l2_and_l1
    assert result.found is True
E   assert False is True
E    +  where False = <app.services.face_cache_manager.FaceCacheResult object at 0x000002C709875FD0>.found
---------------------------- Captured stdout call -----------------------------
2026-02-08 17:47:35,302 - app.services.face_cache_manager - WARNING - Database cache set failed for asset 96321a59-9ff6-44ba-9eb7-2cd4bc537768: password authentication failed for user "test"
2026-02-08 17:47:37,354 - app.services.face_cache_manager - WARNING - Database cache get failed for asset 96321a59-9ff6-44ba-9eb7-2cd4bc537768: password authentication failed for user "test"
------------------------------ Captured log call ------------------------------
WARNING  app.services.face_cache_manager:face_cache_manager.py:641 Database cache set failed for asset 96321a59-9ff6-44ba-9eb7-2cd4bc537768: password authentication failed for user "test"
WARNING  app.services.face_cache_manager:face_cache_manager.py:614 Database cache get failed for asset 96321a59-9ff6-44ba-9eb7-2cd4bc537768: password authentication failed for user "test"
____________ TestFaceCacheRepository.test_set_and_get_asset_cache _____________
backend\tests\integration\test_face_cache_integration.py:368: in test_set_and_get_asset_cache
    entry = await repo.set_asset_cache(
backend\src\app\repositories\face_cache_repository.py:135: in set_asset_cache
    existing = await self.get_asset_cache(asset_id, workspace_id, image_hash)
backend\src\app\repositories\face_cache_repository.py:83: in get_asset_cache
    result = await self.db.execute(query)
..\..\AppData\Roaming\Python\Python311\site-packages\sqlalchemy\ext\asyncio\session.py:449: in execute
    result = await greenlet_spawn(
..\..\AppData\Roaming\Python\Python311\site-packages\sqlalchemy\util\_concurrency_py3k.py:201: in greenlet_spawn
    result = context.throw(*sys.exc_info())
..\..\AppData\Roaming\Python\Python311\site-packages\sqlalchemy\orm\session.py:2351: in execute
    return self._execute_internal(
..\..\AppData\Roaming\Python\Python311\site-packages\sqlalchemy\orm\session.py:2239: in _execute_internal
    conn = self._connection_for_bind(bind)
..\..\AppData\Roaming\Python\Python311\site-packages\sqlalchemy\orm\session.py:2108: in _connection_for_bind
    return trans._connection_for_bind(engine, execution_options)
<string>:2: in _connection_for_bind
    ???
..\..\AppData\Roaming\Python\Python311\site-packages\sqlalchemy\orm\state_changes.py:137: in _go
    ret_value = fn(self, *arg, **kw)
..\..\AppData\Roaming\Python\Python311\site-packages\sqlalchemy\orm\session.py:1187: in _connection_for_bind
    conn = bind.connect()
..\..\AppData\Roaming\Python\Python311\site-packages\sqlalchemy\engine\base.py:3285: in connect
    return self._connection_cls(self)
..\..\AppData\Roaming\Python\Python311\site-packages\sqlalchemy\engine\base.py:143: in __init__
    self._dbapi_connection = engine.raw_connection()
..\..\AppData\Roaming\Python\Python311\site-packages\sqlalchemy\engine\base.py:3309: in raw_connection
    return self.pool.connect()
..\..\AppData\Roaming\Python\Python311\site-packages\sqlalchemy\pool\base.py:447: in connect
    return _ConnectionFairy._checkout(self)
..\..\AppData\Roaming\Python\Python311\site-packages\sqlalchemy\pool\base.py:1264: in _checkout
    fairy = _ConnectionRecord.checkout(pool)
..\..\AppData\Roaming\Python\Python311\site-packages\sqlalchemy\pool\base.py:711: in checkout
    rec = pool._do_get()
..\..\AppData\Roaming\Python\Python311\site-packages\sqlalchemy\pool\impl.py:177: in _do_get
    with util.safe_reraise():
..\..\AppData\Roaming\Python\Python311\site-packages\sqlalchemy\util\langhelpers.py:224: in __exit__
    raise exc_value.with_traceback(exc_tb)
..\..\AppData\Roaming\Python\Python311\site-packages\sqlalchemy\pool\impl.py:175: in _do_get
    return self._create_connection()
..\..\AppData\Roaming\Python\Python311\site-packages\sqlalchemy\pool\base.py:388: in _create_connection
    return _ConnectionRecord(self)
..\..\AppData\Roaming\Python\Python311\site-packages\sqlalchemy\pool\base.py:673: in __init__
    self.__connect()
..\..\AppData\Roaming\Python\Python311\site-packages\sqlalchemy\pool\base.py:899: in __connect
    with util.safe_reraise():
..\..\AppData\Roaming\Python\Python311\site-packages\sqlalchemy\util\langhelpers.py:224: in __exit__
    raise exc_value.with_traceback(exc_tb)
..\..\AppData\Roaming\Python\Python311\site-packages\sqlalchemy\pool\base.py:895: in __connect
    self.dbapi_connection = connection = pool._invoke_creator(self)
..\..\AppData\Roaming\Python\Python311\site-packages\sqlalchemy\engine\create.py:661: in connect
    return dialect.connect(*cargs, **cparams)
..\..\AppData\Roaming\Python\Python311\site-packages\sqlalchemy\engine\default.py:630: in connect
    return self.loaded_dbapi.connect(*cargs, **cparams)  # type: ignore[no-any-return]  # NOQA: E501
..\..\AppData\Roaming\Python\Python311\site-packages\sqlalchemy\dialects\postgresql\asyncpg.py:955: in connect
    await_only(creator_fn(*arg, **kw)),
..\..\AppData\Roaming\Python\Python311\site-packages\sqlalchemy\util\_concurrency_py3k.py:132: in await_only
    return current.parent.switch(awaitable)  # type: ignore[no-any-return,attr-defined] # noqa: E501
..\..\AppData\Roaming\Python\Python311\site-packages\sqlalchemy\util\_concurrency_py3k.py:196: in greenlet_spawn
    value = await result
..\..\AppData\Roaming\Python\Python311\site-packages\asyncpg\connection.py:2329: in connect
    return await connect_utils._connect(
..\..\AppData\Roaming\Python\Python311\site-packages\asyncpg\connect_utils.py:991: in _connect
    conn = await _connect_addr(
..\..\AppData\Roaming\Python\Python311\site-packages\asyncpg\connect_utils.py:828: in _connect_addr
    return await __connect_addr(params, True, *args)
..\..\AppData\Roaming\Python\Python311\site-packages\asyncpg\connect_utils.py:876: in __connect_addr
    await connected
E   asyncpg.exceptions.InvalidPasswordError: password authentication failed for user "test"
_______________ TestFaceCacheRepository.test_delete_asset_cache _______________
backend\tests\integration\test_face_cache_integration.py:396: in test_delete_asset_cache
    await repo.set_asset_cache(
backend\src\app\repositories\face_cache_repository.py:135: in set_asset_cache
    existing = await self.get_asset_cache(asset_id, workspace_id, image_hash)
backend\src\app\repositories\face_cache_repository.py:83: in get_asset_cache
    result = await self.db.execute(query)
..\..\AppData\Roaming\Python\Python311\site-packages\sqlalchemy\ext\asyncio\session.py:449: in execute
    result = await greenlet_spawn(
..\..\AppData\Roaming\Python\Python311\site-packages\sqlalchemy\util\_concurrency_py3k.py:201: in greenlet_spawn
    result = context.throw(*sys.exc_info())
..\..\AppData\Roaming\Python\Python311\site-packages\sqlalchemy\orm\session.py:2351: in execute
    return self._execute_internal(
..\..\AppData\Roaming\Python\Python311\site-packages\sqlalchemy\orm\session.py:2239: in _execute_internal
    conn = self._connection_for_bind(bind)
..\..\AppData\Roaming\Python\Python311\site-packages\sqlalchemy\orm\session.py:2108: in _connection_for_bind
    return trans._connection_for_bind(engine, execution_options)
<string>:2: in _connection_for_bind
    ???
..\..\AppData\Roaming\Python\Python311\site-packages\sqlalchemy\orm\state_changes.py:137: in _go
    ret_value = fn(self, *arg, **kw)
..\..\AppData\Roaming\Python\Python311\site-packages\sqlalchemy\orm\session.py:1187: in _connection_for_bind
    conn = bind.connect()
..\..\AppData\Roaming\Python\Python311\site-packages\sqlalchemy\engine\base.py:3285: in connect
    return self._connection_cls(self)
..\..\AppData\Roaming\Python\Python311\site-packages\sqlalchemy\engine\base.py:143: in __init__
    self._dbapi_connection = engine.raw_connection()
..\..\AppData\Roaming\Python\Python311\site-packages\sqlalchemy\engine\base.py:3309: in raw_connection
    return self.pool.connect()
..\..\AppData\Roaming\Python\Python311\site-packages\sqlalchemy\pool\base.py:447: in connect
    return _ConnectionFairy._checkout(self)
..\..\AppData\Roaming\Python\Python311\site-packages\sqlalchemy\pool\base.py:1264: in _checkout
    fairy = _ConnectionRecord.checkout(pool)
..\..\AppData\Roaming\Python\Python311\site-packages\sqlalchemy\pool\base.py:711: in checkout
    rec = pool._do_get()
..\..\AppData\Roaming\Python\Python311\site-packages\sqlalchemy\pool\impl.py:177: in _do_get
    with util.safe_reraise():
..\..\AppData\Roaming\Python\Python311\site-packages\sqlalchemy\util\langhelpers.py:224: in __exit__
    raise exc_value.with_traceback(exc_tb)
..\..\AppData\Roaming\Python\Python311\site-packages\sqlalchemy\pool\impl.py:175: in _do_get
    return self._create_connection()
..\..\AppData\Roaming\Python\Python311\site-packages\sqlalchemy\pool\base.py:388: in _create_connection
    return _ConnectionRecord(self)
..\..\AppData\Roaming\Python\Python311\site-packages\sqlalchemy\pool\base.py:673: in __init__
    self.__connect()
..\..\AppData\Roaming\Python\Python311\site-packages\sqlalchemy\pool\base.py:899: in __connect
    with util.safe_reraise():
..\..\AppData\Roaming\Python\Python311\site-packages\sqlalchemy\util\langhelpers.py:224: in __exit__
    raise exc_value.with_traceback(exc_tb)
..\..\AppData\Roaming\Python\Python311\site-packages\sqlalchemy\pool\base.py:895: in __connect
    self.dbapi_connection = connection = pool._invoke_creator(self)
..\..\AppData\Roaming\Python\Python311\site-packages\sqlalchemy\engine\create.py:661: in connect
    return dialect.connect(*cargs, **cparams)
..\..\AppData\Roaming\Python\Python311\site-packages\sqlalchemy\engine\default.py:630: in connect
    return self.loaded_dbapi.connect(*cargs, **cparams)  # type: ignore[no-any-return]  # NOQA: E501
..\..\AppData\Roaming\Python\Python311\site-packages\sqlalchemy\dialects\postgresql\asyncpg.py:955: in connect
    await_only(creator_fn(*arg, **kw)),
..\..\AppData\Roaming\Python\Python311\site-packages\sqlalchemy\util\_concurrency_py3k.py:132: in await_only
    return current.parent.switch(awaitable)  # type: ignore[no-any-return,attr-defined] # noqa: E501
..\..\AppData\Roaming\Python\Python311\site-packages\sqlalchemy\util\_concurrency_py3k.py:196: in greenlet_spawn
    value = await result
..\..\AppData\Roaming\Python\Python311\site-packages\asyncpg\connection.py:2329: in connect
    return await connect_utils._connect(
..\..\AppData\Roaming\Python\Python311\site-packages\asyncpg\connect_utils.py:991: in _connect
    conn = await _connect_addr(
..\..\AppData\Roaming\Python\Python311\site-packages\asyncpg\connect_utils.py:828: in _connect_addr
    return await __connect_addr(params, True, *args)
..\..\AppData\Roaming\Python\Python311\site-packages\asyncpg\connect_utils.py:876: in __connect_addr
    await connected
E   asyncpg.exceptions.InvalidPasswordError: password authentication failed for user "test"
________________ TestFaceCacheRepository.test_cache_statistics ________________
backend\tests\integration\test_face_cache_integration.py:418: in test_cache_statistics
    await repo.set_asset_cache(
backend\src\app\repositories\face_cache_repository.py:135: in set_asset_cache
    existing = await self.get_asset_cache(asset_id, workspace_id, image_hash)
backend\src\app\repositories\face_cache_repository.py:83: in get_asset_cache
    result = await self.db.execute(query)
..\..\AppData\Roaming\Python\Python311\site-packages\sqlalchemy\ext\asyncio\session.py:449: in execute
    result = await greenlet_spawn(
..\..\AppData\Roaming\Python\Python311\site-packages\sqlalchemy\util\_concurrency_py3k.py:201: in greenlet_spawn
    result = context.throw(*sys.exc_info())
..\..\AppData\Roaming\Python\Python311\site-packages\sqlalchemy\orm\session.py:2351: in execute
    return self._execute_internal(
..\..\AppData\Roaming\Python\Python311\site-packages\sqlalchemy\orm\session.py:2239: in _execute_internal
    conn = self._connection_for_bind(bind)
..\..\AppData\Roaming\Python\Python311\site-packages\sqlalchemy\orm\session.py:2108: in _connection_for_bind
    return trans._connection_for_bind(engine, execution_options)
<string>:2: in _connection_for_bind
    ???
..\..\AppData\Roaming\Python\Python311\site-packages\sqlalchemy\orm\state_changes.py:137: in _go
    ret_value = fn(self, *arg, **kw)
..\..\AppData\Roaming\Python\Python311\site-packages\sqlalchemy\orm\session.py:1187: in _connection_for_bind
    conn = bind.connect()
..\..\AppData\Roaming\Python\Python311\site-packages\sqlalchemy\engine\base.py:3285: in connect
    return self._connection_cls(self)
..\..\AppData\Roaming\Python\Python311\site-packages\sqlalchemy\engine\base.py:143: in __init__
    self._dbapi_connection = engine.raw_connection()
..\..\AppData\Roaming\Python\Python311\site-packages\sqlalchemy\engine\base.py:3309: in raw_connection
    return self.pool.connect()
..\..\AppData\Roaming\Python\Python311\site-packages\sqlalchemy\pool\base.py:447: in connect
    return _ConnectionFairy._checkout(self)
..\..\AppData\Roaming\Python\Python311\site-packages\sqlalchemy\pool\base.py:1264: in _checkout
    fairy = _ConnectionRecord.checkout(pool)
..\..\AppData\Roaming\Python\Python311\site-packages\sqlalchemy\pool\base.py:711: in checkout
    rec = pool._do_get()
..\..\AppData\Roaming\Python\Python311\site-packages\sqlalchemy\pool\impl.py:177: in _do_get
    with util.safe_reraise():
..\..\AppData\Roaming\Python\Python311\site-packages\sqlalchemy\util\langhelpers.py:224: in __exit__
    raise exc_value.with_traceback(exc_tb)
..\..\AppData\Roaming\Python\Python311\site-packages\sqlalchemy\pool\impl.py:175: in _do_get
    return self._create_connection()
..\..\AppData\Roaming\Python\Python311\site-packages\sqlalchemy\pool\base.py:388: in _create_connection
    return _ConnectionRecord(self)
..\..\AppData\Roaming\Python\Python311\site-packages\sqlalchemy\pool\base.py:673: in __init__
    self.__connect()
..\..\AppData\Roaming\Python\Python311\site-packages\sqlalchemy\pool\base.py:899: in __connect
    with util.safe_reraise():
..\..\AppData\Roaming\Python\Python311\site-packages\sqlalchemy\util\langhelpers.py:224: in __exit__
    raise exc_value.with_traceback(exc_tb)
..\..\AppData\Roaming\Python\Python311\site-packages\sqlalchemy\pool\base.py:895: in __connect
    self.dbapi_connection = connection = pool._invoke_creator(self)
..\..\AppData\Roaming\Python\Python311\site-packages\sqlalchemy\engine\create.py:661: in connect
    return dialect.connect(*cargs, **cparams)
..\..\AppData\Roaming\Python\Python311\site-packages\sqlalchemy\engine\default.py:630: in connect
    return self.loaded_dbapi.connect(*cargs, **cparams)  # type: ignore[no-any-return]  # NOQA: E501
..\..\AppData\Roaming\Python\Python311\site-packages\sqlalchemy\dialects\postgresql\asyncpg.py:955: in connect
    await_only(creator_fn(*arg, **kw)),
..\..\AppData\Roaming\Python\Python311\site-packages\sqlalchemy\util\_concurrency_py3k.py:132: in await_only
    return current.parent.switch(awaitable)  # type: ignore[no-any-return,attr-defined] # noqa: E501
..\..\AppData\Roaming\Python\Python311\site-packages\sqlalchemy\util\_concurrency_py3k.py:196: in greenlet_spawn
    value = await result
..\..\AppData\Roaming\Python\Python311\site-packages\asyncpg\connection.py:2329: in connect
    return await connect_utils._connect(
..\..\AppData\Roaming\Python\Python311\site-packages\asyncpg\connect_utils.py:991: in _connect
    conn = await _connect_addr(
..\..\AppData\Roaming\Python\Python311\site-packages\asyncpg\connect_utils.py:828: in _connect_addr
    return await __connect_addr(params, True, *args)
..\..\AppData\Roaming\Python\Python311\site-packages\asyncpg\connect_utils.py:876: in __connect_addr
    await connected
E   asyncpg.exceptions.InvalidPasswordError: password authentication failed for user "test"
______________ TestFaceSimilarityCache.test_centroid_computation ______________
backend\tests\integration\test_face_cache_integration.py:472: in test_centroid_computation
    assert abs(centroid[0] - expected_mean) < 0.01
E   assert 0.15580582617584082 < 0.01
E    +  where 0.15580582617584082 = abs((0.04419417382415921 - 0.20000000000000004))
_____________ TestFaceSimilarityCache.test_centroid_invalidation ______________
backend\tests\integration\test_face_cache_integration.py:513: in test_centroid_invalidation
    await similarity_cache.invalidate_centroid(group_id, workspace_id)
backend\src\app\services\face_similarity_cache.py:198: in invalidate_centroid
    await self._invalidate_group_similarities(group_id, workspace_id)
backend\src\app\services\face_similarity_cache.py:346: in _invalidate_group_similarities
    async for key in redis.scan_iter(match=pattern, count=100):
E   AttributeError: 'InMemoryRedis' object has no attribute 'scan_iter'
______________ TestFaceSimilarityCache.test_find_similar_groups _______________
backend\tests\integration\test_face_cache_integration.py:547: in test_find_similar_groups
    similar = await similarity_cache.find_similar_groups(
backend\src\app\services\face_similarity_cache.py:516: in find_similar_groups
    result = await self.db.execute(
..\..\AppData\Roaming\Python\Python311\site-packages\sqlalchemy\ext\asyncio\session.py:449: in execute
    result = await greenlet_spawn(
..\..\AppData\Roaming\Python\Python311\site-packages\sqlalchemy\util\_concurrency_py3k.py:190: in greenlet_spawn
    result = context.switch(*args, **kwargs)
..\..\AppData\Roaming\Python\Python311\site-packages\sqlalchemy\orm\session.py:2351: in execute
    return self._execute_internal(
..\..\AppData\Roaming\Python\Python311\site-packages\sqlalchemy\orm\session.py:2147: in _execute_internal
    statement = coercions.expect(roles.StatementRole, statement)
..\..\AppData\Roaming\Python\Python311\site-packages\sqlalchemy\sql\coercions.py:396: in expect
    resolved = impl._literal_coercion(
..\..\AppData\Roaming\Python\Python311\site-packages\sqlalchemy\sql\coercions.py:635: in _literal_coercion
    self._raise_for_expected(element, argname)
..\..\AppData\Roaming\Python\Python311\site-packages\sqlalchemy\sql\coercions.py:519: in _raise_for_expected
    raise exc.ArgumentError(msg, code=code) from err
E   sqlalchemy.exc.ArgumentError: Executable SQL or text() construct expected, got <MagicMock name='select().where()' id='3053876487184'>.
_______________ TestFaceCacheWarmer.test_warm_popular_galleries _______________
backend\tests\integration\test_face_cache_integration.py:614: in test_warm_popular_galleries
    assert stats["galleries_processed"] == 2
E   assert 0 == 2
---------------------------- Captured stdout call -----------------------------
2026-02-08 17:47:54,989 - app.services.face_cache_warmer - ERROR - Popular galleries warming failed for workspace f039c04b-430f-4888-b2fd-ed36a4c3f555: gallery_id
------------------------------ Captured log call ------------------------------
ERROR    app.services.face_cache_warmer:face_cache_warmer.py:242 Popular galleries warming failed for workspace f039c04b-430f-4888-b2fd-ed36a4c3f555: gallery_id
============================== warnings summary ===============================
tests/integration/test_face_cache_integration.py::TestFaceTaggingCacheManager::test_invalidate_asset
tests/integration/test_face_cache_integration.py::TestFaceTaggingCacheManager::test_invalidate_workspace
  C:\Users\admin\Desktop\RawDrive2\backend\src\app\services\face_cache_manager.py:544: RuntimeWarning: coroutine 'AsyncMockMixin._execute_mock_call' was never awaited
    async for key in self.redis.scan_iter(match=pattern):
  Enable tracemalloc to get traceback where the object was allocated.
  See https://docs.pytest.org/en/stable/how-to/capture-warnings.html#resource-warnings for more info.

tests/integration/test_face_cache_integration.py::TestFaceTaggingCacheManager::test_get_cache_stats
  C:\Users\admin\Desktop\RawDrive2\backend\src\app\services\face_cache_manager.py:557: RuntimeWarning: coroutine 'AsyncMockMixin._execute_mock_call' was never awaited
    async for key in self.redis.scan_iter(match=pattern):
  Enable tracemalloc to get traceback where the object was allocated.
  See https://docs.pytest.org/en/stable/how-to/capture-warnings.html#resource-warnings for more info.

-- Docs: https://docs.pytest.org/en/stable/how-to/capture-warnings.html
=========================== short test summary info ===========================
FAILED backend\tests\integration\test_face_cache_integration.py::TestFaceTaggingCacheManager::test_write_through_caching - assert None is not None
FAILED backend\tests\integration\test_face_cache_integration.py::TestFaceTaggingCacheManager::test_l3_promotes_to_l2_and_l1 - assert False is True
 +  where False = <app.services.face_cache_manager.FaceCacheResult object at 0x000002C709875FD0>.found
FAILED backend\tests\integration\test_face_cache_integration.py::TestFaceCacheRepository::test_set_and_get_asset_cache - asyncpg.exceptions.InvalidPasswordError: password authentication failed for user "test"
FAILED backend\tests\integration\test_face_cache_integration.py::TestFaceCacheRepository::test_delete_asset_cache - asyncpg.exceptions.InvalidPasswordError: password authentication failed for user "test"
FAILED backend\tests\integration\test_face_cache_integration.py::TestFaceCacheRepository::test_cache_statistics - asyncpg.exceptions.InvalidPasswordError: password authentication failed for user "test"
FAILED backend\tests\integration\test_face_cache_integration.py::TestFaceSimilarityCache::test_centroid_computation - assert 0.15580582617584082 < 0.01
 +  where 0.15580582617584082 = abs((0.04419417382415921 - 0.20000000000000004))
FAILED backend\tests\integration\test_face_cache_integration.py::TestFaceSimilarityCache::test_centroid_invalidation - AttributeError: 'InMemoryRedis' object has no attribute 'scan_iter'
FAILED backend\tests\integration\test_face_cache_integration.py::TestFaceSimilarityCache::test_find_similar_groups - sqlalchemy.exc.ArgumentError: Executable SQL or text() construct expected, got <MagicMock name='select().where()' id='3053876487184'>.
FAILED backend\tests\integration\test_face_cache_integration.py::TestFaceCacheWarmer::test_warm_popular_galleries - assert 0 == 2
================== 9 failed, 12 passed, 3 warnings in 34.49s ==================
